// Jest Snapshot v1, https://goo.gl/fbAQLP

exports[`LoginCard LoginCard component should match the snapshot 1`] = `
<form
  className="login-card"
>
  <input
    name="email"
    onChange={[Function]}
    placeholder="Email"
    type="text"
    value=""
  />
  <input
    name="password"
    onChange={[Function]}
    placeholder="Password"
    type="text"
    value=""
  />
  <NavLink
    to="/"
  >
    <button
      className="submit-button"
      onClick={[Function]}
      type="button"
    >
      Login
    </button>
  </NavLink>
  <NavLink
    to="/register"
  >
    Don't have an account? Register here.
  </NavLink>
</form>
`;
