// Jest Snapshot v1, https://goo.gl/fbAQLP

exports[`LoginCard LoginCard component should match the snapshot 1`] = `
<section
  className="LoginContent"
>
  <div
    className="hero-image"
    style={
      Object {
        "backgroundImage": "url(https://image.tmdb.org/t/p/original/n2aX63BmW7zIKgKJ58e6rKlSsdi.jpg)",
        "backgroundPosition": "center top",
        "backgroundRepeat": "no-repeat",
        "backgroundSize": "cover",
      }
    }
  />
  <div
    className="opacity-filter"
  />
  <form
    className="login-card"
  >
    <h2
      className="login-card-title"
    >
      Please Login
    </h2>
    <input
      autoComplete="off"
      name="email"
      onChange={[Function]}
      placeholder="Email"
      required="true"
      type="text"
      value=""
    />
    <input
      autoComplete="off"
      name="password"
      onChange={[Function]}
      placeholder="Password"
      required="true"
      type="password"
      value=""
    />
    <button
      className="submit-button"
      onClick={[Function]}
      type="button"
    >
      Login
    </button>
    <NavLink
      className="register-text"
      to="/register"
    >
      Don't have an account? Register here.
    </NavLink>
  </form>
</section>
`;
