// Jest Snapshot v1, https://goo.gl/fbAQLP

exports[`HeroImage should match the snapshot 1`] = `
<Fragment>
  <section
    className="HeroContent"
  >
    <div
      className="hero-image"
      style={
        Object {
          "backgroundImage": "url(https://image.tmdb.org/t/p/original/n2aX63BmW7zIKgKJ58e6rKlSsdi.jpg)",
          "backgroundPosition": "center top",
          "backgroundRepeat": "no-repeat",
          "backgroundSize": "cover",
        }
      }
    />
    <div
      className="opacity-filter"
    />
    <div
      className="hero-movie-details"
    >
      <h2>
        Pet Sematary
      </h2>
      <p>
        Dr. Louis Creed and his wife, Rachel, relocate from Boston to rural Maine with their two young children. The couple soon discover a mysterious burial ground hidden deep in the woods near their new home. When tragedy strikes, Louis turns to his neighbour Jud Crandall, setting off a perilous chain reaction that unleashes an unspeakable evil with horrific consequences.
      </p>
      <button>
        Watch
      </button>
    </div>
    <div
      className="hero-movie-support"
    >
      <p
        className="rating"
        disabled={true}
      >
        R
      </p>
    </div>
  </section>
</Fragment>
`;
