// Jest Snapshot v1, https://goo.gl/fbAQLP

exports[`MainPage should match the snapshot 1`] = `
<section
  className="MainPage"
>
  <HeroImage />
  <section
    className="main-body"
  >
    <Connect(Carousel)
      genre="favorites"
      title="Favorites"
    />
    <Connect(Carousel)
      genre="popularMovies"
      title="Popular Movies"
    />
    <Connect(Carousel)
      genre="romanceMovies"
      title="Romance Movies"
    />
  </section>
</section>
`;
