// Jest Snapshot v1, https://goo.gl/fbAQLP

exports[`App should match a snapshot 1`] = `
<main
  className="App"
>
  <Route
    component={
      Object {
        "$$typeof": Symbol(react.memo),
        "WrappedComponent": [Function],
        "compare": null,
        "displayName": "Connect(NavBar)",
        "type": [Function],
      }
    }
    path="/"
  />
  <Route
    component={
      Object {
        "$$typeof": Symbol(react.memo),
        "WrappedComponent": [Function],
        "compare": null,
        "displayName": "Connect(MainPage)",
        "proptyes": Object {
          "addPopularMovies": [Function],
          "addRomanceMovies": [Function],
          "favorites": [Function],
          "popularMovies": [Function],
          "romanceMovies": [Function],
          "updateFavorites": [Function],
        },
        "type": [Function],
      }
    }
    exact={true}
    path="/"
  />
  <Route
    component={
      Object {
        "$$typeof": Symbol(react.memo),
        "WrappedComponent": [Function],
        "compare": null,
        "displayName": "Connect(MoviePage)",
        "type": [Function],
      }
    }
    exact={true}
    path="/moviepage"
  />
  <Route
    component={
      Object {
        "$$typeof": Symbol(react.memo),
        "WrappedComponent": [Function],
        "compare": null,
        "displayName": "Connect(LoginCard)",
        "type": [Function],
      }
    }
    exact={true}
    path="/login"
  />
  <Route
    component={
      Object {
        "$$typeof": Symbol(react.memo),
        "WrappedComponent": [Function],
        "compare": null,
        "displayName": "Connect(RegisterCard)",
        "type": [Function],
      }
    }
    exact={true}
    path="/register"
  />
</main>
`;
