// Jest Snapshot v1, https://goo.gl/fbAQLP

exports[`NavBar should match a snapshot 1`] = `
<nav
  className="NavBar transparent"
>
  <div>
    <h3>
      PIXAMA
    </h3>
    <div
      className="routes"
    >
      <NavLink
        className="disabled"
        disabled={true}
        to="/"
      >
        Main
      </NavLink>
      <NavLink
        className="loginbtn"
        to="/login"
      >
        Login
      </NavLink>
    </div>
  </div>
</nav>
`;
